<html>
<body>
<pre>
<h1>µVision Build Log</h1>
<h2>Tool Versions:</h2>
IDE-Version: ¦ÌVision V5.37.0.0
Copyright (C) 2022 ARM Ltd and ARM Germany GmbH. All rights reserved.
License Information: 123 123, 123, LIC=MPPLD-8DBGW-Y8HFK-ZCPN1-HFE8S-IXIYT
 
Tool Versions:
Toolchain:       MDK-ARM Plus  Version: 5.37.0.0
Toolchain Path:  D:\Keil_v5\ARM\ARMCC\Bin
C Compiler:      Armcc.exe V5.06 update 7 (build 960)
Assembler:       Armasm.exe V5.06 update 7 (build 960)
Linker/Locator:  ArmLink.exe V5.06 update 7 (build 960)
Library Manager: ArmAr.exe V5.06 update 7 (build 960)
Hex Converter:   FromElf.exe V5.06 update 7 (build 960)
CPU DLL:         SARMCM3.DLL V5.37.0.0
Dialog DLL:      DCM.DLL V1.17.5.0
Target DLL:      CMSIS_AGDI.dll V1.33.12.0
Dialog DLL:      TCM.DLL V1.56.1.0
 
<h2>Project:</h2>
D:\keil5\bootloader\BootLoaderTest\Transmit_256\MDK-ARM\Boot1.uvprojx
Project File Date:  03/17/2026

<h2>Output:</h2>
*** Using Compiler 'V5.06 update 7 (build 960)', folder: 'D:\Keil_v5\ARM\ARMCC\Bin'
Build target 'Boot1'
compiling ProtocolFrame.c...
SPI_FLASH.h(10): warning:  #1295-D: Deprecated declaration Write_Enable - give arg types
  void Write_Enable();
ProtocolFrame.c(9): warning:  #177-D: variable "i"  was declared but never referenced
      unsigned char i = 0, j = 0;
ProtocolFrame.c(66): warning:  #177-D: variable "Cmd"  was declared but never referenced
  	  uint16_t Cmd=(frame->cmd[0] << 8) | frame->cmd[1];
ProtocolFrame.c: 3 warnings, 0 errors
compiling A_B.c...
compiling main.c...
..\MDK-ARM\SPI_FLASH.h(10): warning:  #1295-D: Deprecated declaration Write_Enable - give arg types
  void Write_Enable();
../Core/Src/main.c(51): warning:  #177-D: variable "BOOT_Rx"  was declared but never referenced
  static char BOOT_Rx[]="\r\nBOOT_Rx:\r\n";
../Core/Src/main.c: 2 warnings, 0 errors
compiling FLASH_Transmit.c...
SPI_FLASH.h(10): warning:  #1295-D: Deprecated declaration Write_Enable - give arg types
  void Write_Enable();
FLASH_Transmit.c: 1 warning, 0 errors
linking...
Program Size: Code=10222 RO-data=458 RW-data=184 ZI-data=2360  
FromELF: creating hex file...
"Boot1\Boot1.axf" - 0 Error(s), 6 Warning(s).

<h2>Software Packages used:</h2>

Package Vendor: ARM
                http://www.keil.com/pack/ARM.CMSIS.5.9.0.pack
                ARM.CMSIS.5.9.0
                CMSIS (Common Microcontroller Software Interface Standard)
   * Component: CORE Version: 5.6.0

Package Vendor: Keil
                http://www.keil.com/pack/Keil.STM32F4xx_DFP.2.16.0.pack
                Keil.STM32F4xx_DFP.2.16.0
                STMicroelectronics STM32F4 Series Device Support, Drivers and Examples

<h2>Collection of Component include folders:</h2>
  ./RTE/_Boot1
  D:/Users/84007/AppData/Local/Arm/Packs/ARM/CMSIS/5.9.0/CMSIS/Core/Include
  D:/Users/84007/AppData/Local/Arm/Packs/Keil/STM32F4xx_DFP/2.16.0/Drivers/CMSIS/Device/ST/STM32F4xx/Include

<h2>Collection of Component Files used:</h2>

   * Component: ARM::CMSIS:CORE:5.6.0
      Include file:  CMSIS/Core/Include/tz_context.h
Build Time Elapsed:  00:00:03
</pre>
</body>
</html>
